Microchip MPLAB XC8 Compiler V2.36

Linker command line:

-W-3 --edf=C:\Program Files\Microchip\xc8\v2.36\pic\dat\en_msgs.txt -cn \
  -h+dist/default/production\CarBlackBox.X.production.sym \
  --cmf=dist/default/production\CarBlackBox.X.production.cmf -z -Q16F877A \
  -oC:\Users\chait\AppData\Local\Temp\xcAsbas.4 --defsym=__MPLAB_BUILD=1 \
  -Mdist/default/production/CarBlackBox.X.production.map \
  --md=C:\Users\chait\AppData\Local\Temp\xcAsbas.dat -E1 -ver=XC8 Compiler \
  --acfsm=1493 -ACODE=00h-07FFhx4 -ASTRCODE=00h-01FFFh -ASTRING=00h-0FFhx32 \
  -ACONST=00h-0FFhx32 -AENTRY=00h-0FFhx32 -ACOMMON=070h-07Fh \
  -ABANK0=020h-06Fh -ABANK1=0A0h-0EFh -ABANK2=0110h-016Fh \
  -ABANK3=0190h-01EFh -ARAM=020h-06Fh,0A0h-0EFh,0110h-016Fh,0190h-01EFh \
  -AABS1=020h-07Fh,0A0h-0EFh,0110h-016Fh,0190h-01EFh -ASFR0=00h-01Fh \
  -ASFR1=080h-09Fh -ASFR2=0100h-010Fh -ASFR3=0180h-018Fh \
  -ACONFIG=02007h-02007h -DCONFIG=2 -AIDLOC=02000h-02003h -DIDLOC=2 \
  -AEEDATA=00h-0FFh/02100h -peeprom_data=EEDATA -DEEDATA=2 -DCODE=2 \
  -DSTRCODE=2 -DSTRING=2 -DCONST=2 -DENTRY=2 \
  -preset_vec=00h,intentry=04h,init,end_init -ppowerup=CODE -pcinit=CODE \
  -pfunctab=ENTRY -k C:\Users\chait\AppData\Local\Temp\xcAsbas.o \
  dist/default/production\CarBlackBox.X.production.o 

Object code version is 3.11

Machine type is 16F877A



                Name                               Link     Load   Length Selector   Space Scale
C:\Users\chait\AppData\Local\Temp\xcAsbas.o
                end_init                              E        E        3        8       0
                reset_vec                             0        0        3        0       0
                config                             2007     2007        1        0       4
dist/default/production\CarBlackBox.X.production.o
                cinit                                11       11       31        8       0
                intentry                              4        4        A        8       0
                config                             2007     2007        1        0       4
                text52                             146C     146C       53     28D8       0
                text51                             1277     1277       36     24EE       0
                text50                             1210     1210       33     2420       0
                text49                             1E9B     1E9B       15     3D36       0
                text48                             1E5C     1E5C        D     3CB8       0
                text47                             1E20     1E20        9     3C40       0
                text46                             1E29     1E29        9     3C52       0
                text45                             1E3B     1E3B        B     3C76       0
                text44                             1EE4     1EE4       1E     3DC8       0
                text43                             1F20     1F20       1F     3E40       0
                text42                             1359     1359       3E     26B2       0
                text41                             1422     1422       4A     2844       0
                text40                              9BB      9BB      17B     1376       0
                text39                             14BF     14BF       5B     297E       0
                text38                             13DC     13DC       46     27B8       0
                text37                             12E5     12E5       3A     25CA       0
                text36                             1F62     1F62       25     3EC4       0
                text35                             1F3F     1F3F       23     3E7E       0
                text34                             1E32     1E32        9     3C64       0
                text33                             11E3     11E3       2D     23C6       0
                text32                             178B     178B       75     2F16       0
                text31                             1F02     1F02       1E     3E04       0
                text30                              CD8      CD8      328     19B0       0
                text29                              800      800       33     1000       0
                text28                             1641     1641       69     2C82       0
                text27                             1719     1719       72     2E32       0
                text26                             151A     151A       5F     2A34       0
                text25                             11A2     11A2       15     2344       0
                text24                              7D0      7D0       2D        8       0
                text23                             1E46     1E46        B     3C8C       0
                text22                             1F87     1F87       26     3F0E       0
                text21                              692      692      13E        8       0
                text20                             1E09     1E09        7     3C12       0
                text19                             16AA     16AA       6F     2D54       0
                text18                             1E51     1E51        B     3CA2       0
                text17                             1E03     1E03        6     3C06       0
                text16                             1EC9     1EC9       1B     3D92       0
                text15                             15D9     15D9       68     2BB2       0
                text14                             1243     1243       34     2486       0
                text13                             1E69     1E69        D     3CD2       0
                text12                             12AD     12AD       38     255A       0
                text11                             131F     131F       3A     263E       0
                text10                             1397     1397       45     272E       0
                text9                              1579     1579       60     2AF2       0
                text8                              1FD4     1FD4       2C     3FA8       0
                text7                              11B7     11B7       2C     236E       0
                text6                               B36      B36      1A2     166C       0
                text5                               8BE      8BE       FD     117C       0
                text4                              1E76     1E76       12     3CEC       0
                text3                               833      833       8B     1066       0
                text2                              1FAD     1FAD       27     3F5A       0
                text1                               4DC      4DC      1B6        8       0
                maintext                             42       42      49A        8       0
                cstackBANK0                          20       20       24       20       1
                cstackCOMMON                         70       70        9       70       1
                cstackBANK1                          DF       DF        D       A0       1
                clrtext                            1E10     1E10        8     3C20       0
                inittext                           1E88     1E88       13     3D10       0
                dataBANK1                            C6       C6       19       A0       1
                bssBANK1                             A0       A0       26       A0       1
                dataBANK0                            60       60        8       20       1
                bssBANK0                             44       44       1C       20       1
                bssCOMMON                            79       79        2       70       1
                stringtext                         1000     1000      1A2       20       0
                strings                            1800     1800       12     3000       0
                idataBANK1                         1EB0     1EB0       19     3D60       0
                idataBANK0                         1E18     1E18        8     3C30       0

TOTAL           Name                               Link     Load   Length     Space
        CLASS   CODE           
                end_init                              E        E        3         0
                cinit                                11       11       31         0
                intentry                              4        4        A         0
                reset_vec                             0        0        3         0
                text52                             146C     146C       53         0
                text51                             1277     1277       36         0
                text50                             1210     1210       33         0
                text49                             1E9B     1E9B       15         0
                text48                             1E5C     1E5C        D         0
                text47                             1E20     1E20        9         0
                text46                             1E29     1E29        9         0
                text45                             1E3B     1E3B        B         0
                text44                             1EE4     1EE4       1E         0
                text43                             1F20     1F20       1F         0
                text42                             1359     1359       3E         0
                text41                             1422     1422       4A         0
                text40                              9BB      9BB      17B         0
                text39                             14BF     14BF       5B         0
                text38                             13DC     13DC       46         0
                text37                             12E5     12E5       3A         0
                text36                             1F62     1F62       25         0
                text35                             1F3F     1F3F       23         0
                text34                             1E32     1E32        9         0
                text33                             11E3     11E3       2D         0
                text32                             178B     178B       75         0
                text31                             1F02     1F02       1E         0
                text30                              CD8      CD8      328         0
                text29                              800      800       33         0
                text28                             1641     1641       69         0
                text27                             1719     1719       72         0
                text26                             151A     151A       5F         0
                text25                             11A2     11A2       15         0
                text24                              7D0      7D0       2D         0
                text23                             1E46     1E46        B         0
                text22                             1F87     1F87       26         0
                text21                              692      692      13E         0
                text20                             1E09     1E09        7         0
                text19                             16AA     16AA       6F         0
                text18                             1E51     1E51        B         0
                text17                             1E03     1E03        6         0
                text16                             1EC9     1EC9       1B         0
                text15                             15D9     15D9       68         0
                text14                             1243     1243       34         0
                text13                             1E69     1E69        D         0
                text12                             12AD     12AD       38         0
                text11                             131F     131F       3A         0
                text10                             1397     1397       45         0
                text9                              1579     1579       60         0
                text8                              1FD4     1FD4       2C         0
                text7                              11B7     11B7       2C         0
                text6                               B36      B36      1A2         0
                text5                               8BE      8BE       FD         0
                text4                              1E76     1E76       12         0
                text3                               833      833       8B         0
                text2                              1FAD     1FAD       27         0
                text1                               4DC      4DC      1B6         0
                maintext                             42       42      49A         0
                clrtext                            1E10     1E10        8         0
                inittext                           1E88     1E88       13         0
                idataBANK1                         1EB0     1EB0       19         0
                idataBANK0                         1E18     1E18        8         0

        CLASS   STRCODE        
                stringtext                         1000     1000      1A2         0

        CLASS   STRING         
                strings                            1800     1800       12         0

        CLASS   CONST          

        CLASS   ENTRY          

        CLASS   COMMON         
                cstackCOMMON                         70       70        9         1
                bssCOMMON                            79       79        2         1

        CLASS   BANK0          
                cstackBANK0                          20       20       24         1
                dataBANK0                            60       60        8         1
                bssBANK0                             44       44       1C         1

        CLASS   BANK1          
                cstackBANK1                          DF       DF        D         1
                dataBANK1                            C6       C6       19         1
                bssBANK1                             A0       A0       26         1

        CLASS   BANK2          

        CLASS   BANK3          

        CLASS   RAM            

        CLASS   ABS1           
                abs_s1                               7E       7E        2         1

        CLASS   SFR0           

        CLASS   SFR1           

        CLASS   SFR2           

        CLASS   SFR3           

        CLASS   CONFIG         
                config                             2007     2007        1         4

        CLASS   IDLOC          

        CLASS   EEDATA         

        CLASS   STACK          



SEGMENTS        Name                           Load    Length   Top    Selector   Space  Class     Delta

                reset_vec                      000000  000003  000003         0       0  CODE        2
                intentry                       000004  0007F9  0007FD         8       0  CODE        2
                cstackBANK0                    000020  000048  000068        20       1  BANK0       1
                cstackCOMMON                   000070  00000B  00007B        70       1  COMMON      1
                bssBANK1                       0000A0  00004C  0000EC        A0       1  BANK1       1
                text29                         000800  000033  000833      1000       0  CODE        2
                text3                          000833  00008B  0008BE      1066       0  CODE        2
                text5                          0008BE  0000FD  0009BB      117C       0  CODE        2
                text40                         0009BB  00017B  000B36      1376       0  CODE        2
                text6                          000B36  0001A2  000CD8      166C       0  CODE        2
                text30                         000CD8  000328  001000      19B0       0  CODE        2
                stringtext                     001000  0001A2  0011A2        20       0  STRCODE     2
                text25                         0011A2  000015  0011B7      2344       0  CODE        2
                text7                          0011B7  00002C  0011E3      236E       0  CODE        2
                text33                         0011E3  00002D  001210      23C6       0  CODE        2
                text50                         001210  000033  001243      2420       0  CODE        2
                text14                         001243  000034  001277      2486       0  CODE        2
                text51                         001277  000036  0012AD      24EE       0  CODE        2
                text12                         0012AD  000038  0012E5      255A       0  CODE        2
                text37                         0012E5  00003A  00131F      25CA       0  CODE        2
                text11                         00131F  00003A  001359      263E       0  CODE        2
                text42                         001359  00003E  001397      26B2       0  CODE        2
                text10                         001397  000045  0013DC      272E       0  CODE        2
                text38                         0013DC  000046  001422      27B8       0  CODE        2
                text41                         001422  00004A  00146C      2844       0  CODE        2
                text52                         00146C  000053  0014BF      28D8       0  CODE        2
                text39                         0014BF  00005B  00151A      297E       0  CODE        2
                text26                         00151A  00005F  001579      2A34       0  CODE        2
                text9                          001579  000060  0015D9      2AF2       0  CODE        2
                text15                         0015D9  000068  001641      2BB2       0  CODE        2
                text28                         001641  000069  0016AA      2C82       0  CODE        2
                text19                         0016AA  00006F  001719      2D54       0  CODE        2
                text27                         001719  000072  00178B      2E32       0  CODE        2
                text32                         00178B  000075  001800      2F16       0  CODE        2
                strings                        001800  000012  001812      3000       0  STRING      2
                text17                         001E03  000006  001E09      3C06       0  CODE        2
                text20                         001E09  000007  001E10      3C12       0  CODE        2
                clrtext                        001E10  000008  001E18      3C20       0  CODE        2
                idataBANK0                     001E18  000008  001E20      3C30       0  CODE        2
                text47                         001E20  000009  001E29      3C40       0  CODE        2
                text46                         001E29  000009  001E32      3C52       0  CODE        2
                text34                         001E32  000009  001E3B      3C64       0  CODE        2
                text45                         001E3B  00000B  001E46      3C76       0  CODE        2
                text23                         001E46  00000B  001E51      3C8C       0  CODE        2
                text18                         001E51  00000B  001E5C      3CA2       0  CODE        2
                text48                         001E5C  00000D  001E69      3CB8       0  CODE        2
                text13                         001E69  00000D  001E76      3CD2       0  CODE        2
                text4                          001E76  000012  001E88      3CEC       0  CODE        2
                inittext                       001E88  000013  001E9B      3D10       0  CODE        2
                text49                         001E9B  000015  001EB0      3D36       0  CODE        2
                idataBANK1                     001EB0  000019  001EC9      3D60       0  CODE        2
                text16                         001EC9  00001B  001EE4      3D92       0  CODE        2
                text44                         001EE4  00001E  001F02      3DC8       0  CODE        2
                text31                         001F02  00001E  001F20      3E04       0  CODE        2
                text43                         001F20  00001F  001F3F      3E40       0  CODE        2
                text35                         001F3F  000023  001F62      3E7E       0  CODE        2
                text36                         001F62  000025  001F87      3EC4       0  CODE        2
                text22                         001F87  000026  001FAD      3F0E       0  CODE        2
                text2                          001FAD  000027  001FD4      3F5A       0  CODE        2
                text8                          001FD4  00002C  002000      3FA8       0  CODE        2


UNUSED ADDRESS RANGES

        Name                Unused          Largest block    Delta
        BANK0            0068-006F              8           1
        BANK1            00EC-00EF              4           1
        BANK2            0110-016F             60           1
        BANK3            0190-01EF             60           1
        CODE             0003-0003              1           2
                         07FD-07FF              3
                         1812-1E02            5F1
        COMMON           007B-007D              3           1
        CONST            0003-0003              1           2
                         07FD-07FF              3
                         1812-1E02            100
        EEDATA           2100-21FF            100           2
        ENTRY            0003-0003              1           2
                         07FD-07FF              3
                         1812-1E02            100
        IDLOC            2000-2003              4           2
        RAM              0068-006F              8           1
                         00EC-00EF              4
                         0110-016F             60
                         0190-01EF             60
        SFR0             0000-001F             20           1
        SFR1             0080-009F             20           1
        SFR2             0100-010F             10           1
        SFR3             0180-018F             10           1
        STRCODE          0003-0003              1           2
                         07FD-07FF              3
                         1812-1E02            5F1
        STRING           0003-0003              1           2
                         07FD-07FF              3
                         1812-1E02            100

                                  Symbol Table

?___awdiv                            cstackCOMMON 0073
?___awmod                            cstackCOMMON 0073
?___lldiv                            cstackBANK0  0020
?___lwdiv                            cstackBANK0  0020
?___lwmod                            cstackCOMMON 0073
?___wmul                             cstackCOMMON 0073
?_read_adc                           cstackCOMMON 0073
?_strcmp                             cstackCOMMON 0073
?_strncmp                            cstackCOMMON 0073
_ACKDT                               (abs)        048D
_ACKEN                               (abs)        048C
_ACKSTAT                             (abs)        048E
_ADFM                                (abs)        04FF
_ADON                                (abs)        00F8
_ADRESH                              (abs)        001E
_ADRESL                              (abs)        009E
_BRGH                                (abs)        04C2
_CREN                                (abs)        00C4
_GIE                                 (abs)        005F
_GO                                  (abs)        00FA
_PEIE                                (abs)        005E
_PEN                                 (abs)        048A
_PORTB                               (abs)        0006
_PORTD                               (abs)        0008
_PR2                                 (abs)        0092
_RCEN                                (abs)        048B
_RE1                                 (abs)        0049
_RE2                                 (abs)        004A
_RSEN                                (abs)        0489
_R_nW                                (abs)        04A2
_SEN                                 (abs)        0488
_SPBRG                               (abs)        0099
_SPEN                                (abs)        00C7
_SSPADD                              (abs)        0093
_SSPBUF                              (abs)        0013
_SSPCON2                             (abs)        0091
_SSPEN                               (abs)        00A5
_SSPM3                               (abs)        00A3
_T2CKPS0                             (abs)        0090
_T2CKPS1                             (abs)        0091
_TMR2IE                              (abs)        0461
_TMR2IF                              (abs)        0061
_TMR2ON                              (abs)        0092
_TRISB                               (abs)        0086
_TRISD                               (abs)        0088
_TRISE1                              (abs)        0449
_TRISE2                              (abs)        044A
_TXEN                                (abs)        04C5
_TXIF                                (abs)        0064
_TXREG                               (abs)        0019
__Habs1                              abs1         0000
__Hbank0                             bank0        0000
__Hbank1                             bank1        0000
__Hbank2                             bank2        0000
__Hbank3                             bank3        0000
__HbssBANK0                          bssBANK0     0000
__HbssBANK1                          bssBANK1     0000
__HbssCOMMON                         bssCOMMON    0000
__Hcinit                             cinit        0042
__Hclrtext                           clrtext      0000
__Hcode                              code         0000
__Hcommon                            common       0000
__Hconfig                            config       2008
__HcstackBANK0                       cstackBANK0  0000
__HcstackBANK1                       cstackBANK1  0000
__HcstackCOMMON                      cstackCOMMON 0000
__HdataBANK0                         dataBANK0    0000
__HdataBANK1                         dataBANK1    0000
__Heeprom_data                       eeprom_data  0000
__Hend_init                          end_init     0011
__Hfunctab                           functab      0000
__HidataBANK0                        idataBANK0   0000
__HidataBANK1                        idataBANK1   0000
__Hinit                              init         000E
__Hinittext                          inittext     0000
__Hintentry                          intentry     000E
__Hmaintext                          maintext     0000
__Hpowerup                           powerup      0000
__Hram                               ram          0000
__Hreset_vec                         reset_vec    0003
__Hsfr0                              sfr0         0000
__Hsfr1                              sfr1         0000
__Hsfr2                              sfr2         0000
__Hsfr3                              sfr3         0000
__Hspace_0                           (abs)        2000
__Hspace_1                           (abs)        00EC
__Hspace_2                           (abs)        0000
__Hspace_3                           (abs)        0000
__Hspace_4                           (abs)        400F
__Hstack                             stack        0000
__Hstrings                           strings      0000
__Hstringtext                        stringtext   0000
__Htext                              text         0000
__Labs1                              abs1         0000
__Lbank0                             bank0        0000
__Lbank1                             bank1        0000
__Lbank2                             bank2        0000
__Lbank3                             bank3        0000
__LbssBANK0                          bssBANK0     0000
__LbssBANK1                          bssBANK1     0000
__LbssCOMMON                         bssCOMMON    0000
__Lcinit                             cinit        0011
__Lclrtext                           clrtext      0000
__Lcode                              code         0000
__Lcommon                            common       0000
__Lconfig                            config       0000
__LcstackBANK0                       cstackBANK0  0000
__LcstackBANK1                       cstackBANK1  0000
__LcstackCOMMON                      cstackCOMMON 0000
__LdataBANK0                         dataBANK0    0000
__LdataBANK1                         dataBANK1    0000
__Leeprom_data                       eeprom_data  0000
__Lend_init                          end_init     000E
__Lfunctab                           functab      0000
__LidataBANK0                        idataBANK0   0000
__LidataBANK1                        idataBANK1   0000
__Linit                              init         000E
__Linittext                          inittext     0000
__Lintentry                          intentry     0004
__Lmaintext                          maintext     0000
__Lpowerup                           powerup      0000
__Lram                               ram          0000
__Lreset_vec                         reset_vec    0000
__Lsfr0                              sfr0         0000
__Lsfr1                              sfr1         0000
__Lsfr2                              sfr2         0000
__Lsfr3                              sfr3         0000
__Lspace_0                           (abs)        0000
__Lspace_1                           (abs)        0000
__Lspace_2                           (abs)        0000
__Lspace_3                           (abs)        0000
__Lspace_4                           (abs)        0000
__Lstack                             stack        0000
__Lstrings                           strings      0000
__Lstringtext                        stringtext   0000
__Ltext                              text         0000
__S0                                 (abs)        2000
__S1                                 (abs)        00EC
__S3                                 (abs)        0000
___awdiv                             text28       1641
___awdiv@counter                     cstackBANK0  0020
___awdiv@dividend                    cstackCOMMON 0075
___awdiv@divisor                     cstackCOMMON 0073
___awdiv@quotient                    cstackBANK0  0022
___awdiv@sign                        cstackBANK0  0021
___awmod                             text39       14BF
___awmod@counter                     cstackBANK0  0020
___awmod@dividend                    cstackCOMMON 0075
___awmod@divisor                     cstackCOMMON 0073
___awmod@sign                        cstackBANK0  0021
___bmul                              text25       11A2
___bmul@multiplicand                 cstackCOMMON 0073
___bmul@multiplier                   cstackCOMMON 0076
___bmul@product                      cstackCOMMON 0075
___int_sp                            stack        0000
___latbits                           (abs)        0002
___lldiv                             text15       15D9
___lldiv@counter                     cstackCOMMON 0078
___lldiv@dividend                    cstackBANK0  0024
___lldiv@divisor                     cstackBANK0  0020
___lldiv@quotient                    cstackCOMMON 0074
___lwdiv                             text38       13DC
___lwdiv@counter                     cstackBANK0  0024
___lwdiv@dividend                    cstackBANK0  0022
___lwdiv@divisor                     cstackBANK0  0020
___lwdiv@quotient                    cstackBANK0  0025
___lwmod                             text37       12E5
___lwmod@counter                     cstackCOMMON 0078
___lwmod@dividend                    cstackCOMMON 0075
___lwmod@divisor                     cstackCOMMON 0073
___sp                                stack        0000
___stackhi                           (abs)        0000
___stacklo                           (abs)        0000
___wmul                              text36       1F62
___wmul@multiplicand                 cstackCOMMON 0075
___wmul@multiplier                   cstackCOMMON 0073
___wmul@product                      cstackCOMMON 0077
__end_of___awdiv                     text28       16AA
__end_of___awmod                     text39       151A
__end_of___bmul                      text25       11B7
__end_of___lldiv                     text15       1641
__end_of___lwdiv                     text38       1422
__end_of___lwmod                     text37       131F
__end_of___wmul                      text36       1F87
__end_of__initialization             cinit        003E
__end_of__stringtab                  strings      1812
__end_of_change_password             text40       0B36
__end_of_change_time                 text30       1000
__end_of_clcd_print                  text50       1243
__end_of_clcd_putch                  text49       1EB0
__end_of_clcd_write                  text51       12AD
__end_of_clear_log                   text29       0833
__end_of_display_dash_board          text26       1579
__end_of_display_time                text27       178B
__end_of_download_log                text21       07D0
__end_of_ext_eeprom_24C02_byte_write text44       1F02
__end_of_ext_eeprom_24C02_read       text24       07FD
__end_of_ext_eeprom_24C02_str_write  text43       1F3F
__end_of_get_password                text8        2000
__end_of_get_time                    text32       1800
__end_of_i2c_read                    text35       1F62
__end_of_i2c_rep_start               text34       1E3B
__end_of_i2c_start                   text47       1E29
__end_of_i2c_stop                    text46       1E32
__end_of_i2c_wait_for_idle           text48       1E69
__end_of_i2c_write                   text45       1E46
__end_of_init_adc                    text20       1E10
__end_of_init_clcd                   text18       1E5C
__end_of_init_config                 text11       1359
__end_of_init_digital_keypad         text17       1E09
__end_of_init_display_controller     text19       1719
__end_of_init_ds1307                 text16       1EE4
__end_of_init_i2c                    text14       1277
__end_of_init_timer2                 text13       1E76
__end_of_init_uart                   text12       12E5
__end_of_isr                         text52       14BF
__end_of_log_car_event               text9        15D9
__end_of_log_event                   text10       13DC
__end_of_login                       text6        0CD8
__end_of_login_menu                  text5        09BB
__end_of_main                        maintext     04DC
__end_of_putchars                    text23       1E51
__end_of_putsx                       text22       1FAD
__end_of_read_adc                    text4        1E88
__end_of_read_digital_keypad         text3        08BE
__end_of_read_ds1307                 text33       1210
__end_of_strcmp                      text7        11E3
__end_of_strcpy                      text2        1FD4
__end_of_strncmp                     text42       1397
__end_of_strncpy                     text41       146C
__end_of_view_log                    text1        0692
__end_of_write_ds1307                text31       1F20
__initialization                     cinit        0011
__pbssBANK0                          bssBANK0     0044
__pbssBANK1                          bssBANK1     00A0
__pbssCOMMON                         bssCOMMON    0079
__pcstackBANK0                       cstackBANK0  0020
__pcstackBANK1                       cstackBANK1  00DF
__pcstackCOMMON                      cstackCOMMON 0070
__pdataBANK0                         dataBANK0    0060
__pdataBANK1                         dataBANK1    00C6
__pidataBANK0                        idataBANK0   1E18
__pidataBANK1                        idataBANK1   1EB0
__pintentry                          intentry     0004
__pmaintext                          maintext     0042
__pstrings                           strings      1800
__pstringtext                        stringtext   1000
__ptext1                             text1        04DC
__ptext10                            text10       1397
__ptext11                            text11       131F
__ptext12                            text12       12AD
__ptext13                            text13       1E69
__ptext14                            text14       1243
__ptext15                            text15       15D9
__ptext16                            text16       1EC9
__ptext17                            text17       1E03
__ptext18                            text18       1E51
__ptext19                            text19       16AA
__ptext2                             text2        1FAD
__ptext20                            text20       1E09
__ptext21                            text21       0692
__ptext22                            text22       1F87
__ptext23                            text23       1E46
__ptext24                            text24       07D0
__ptext25                            text25       11A2
__ptext26                            text26       151A
__ptext27                            text27       1719
__ptext28                            text28       1641
__ptext29                            text29       0800
__ptext3                             text3        0833
__ptext30                            text30       0CD8
__ptext31                            text31       1F02
__ptext32                            text32       178B
__ptext33                            text33       11E3
__ptext34                            text34       1E32
__ptext35                            text35       1F3F
__ptext36                            text36       1F62
__ptext37                            text37       12E5
__ptext38                            text38       13DC
__ptext39                            text39       14BF
__ptext4                             text4        1E76
__ptext40                            text40       09BB
__ptext41                            text41       1422
__ptext42                            text42       1359
__ptext43                            text43       1F20
__ptext44                            text44       1EE4
__ptext45                            text45       1E3B
__ptext46                            text46       1E29
__ptext47                            text47       1E20
__ptext48                            text48       1E5C
__ptext49                            text49       1E9B
__ptext5                             text5        08BE
__ptext50                            text50       1210
__ptext51                            text51       1277
__ptext52                            text52       146C
__ptext6                             text6        0B36
__ptext7                             text7        11B7
__ptext8                             text8        1FD4
__ptext9                             text9        1579
__stringbase                         strings      1812
__stringtab                          strings      1800
_access                              dataBANK0    0062
_change_password                     text40       09BB
_change_time                         text30       0CD8
_clcd_print                          text50       1210
_clcd_putch                          text49       1E9B
_clcd_write                          text51       1277
_clear_log                           text29       0800
_clock_reg                           bssBANK0     004A
_display_dash_board                  text26       151A
_display_time                        text27       1719
_download_log                        text21       0692
_ext_eeprom_24C02_byte_write         text44       1EE4
_ext_eeprom_24C02_read               text24       07D0
_ext_eeprom_24C02_str_write          text43       1F20
_gear                                dataBANK1    00C6
_get_password                        text8        1FD4
_get_time                            text32       178B
_i2c_read                            text35       1F3F
_i2c_rep_start                       text34       1E32
_i2c_start                           text47       1E20
_i2c_stop                            text46       1E29
_i2c_wait_for_idle                   text48       1E5C
_i2c_write                           text45       1E3B
_init_adc                            text20       1E09
_init_clcd                           text18       1E51
_init_config                         text11       131F
_init_digital_keypad                 text17       1E03
_init_display_controller             text19       16AA
_init_ds1307                         text16       1EC9
_init_i2c                            text14       1243
_init_timer2                         text13       1E69
_init_uart                           text12       12AD
_isr                                 text52       146C
_log                                 bssBANK1     00A6
_log_car_event                       text9        1579
_log_event                           text10       1397
_login                               text6        0B36
_login_menu                          text5        08BE
_main                                maintext     0042
_menu                                dataBANK1    00D2
_nDONE                               (abs)        00FA
_overflow                            bssBANK0     005F
_pos                                 dataBANK0    0064
_putchars                            text23       1E46
_putsx                               text22       1F87
_read_adc                            text4        1E76
_read_digital_keypad                 text3        0833
_read_ds1307                         text33       11E3
_return_time                         bssBANK0     0055
_sec                                 bssBANK0     0057
_strcmp                              text7        11B7
_strcpy                              text2        1FAD
_strncmp                             text42       1359
_strncpy                             text41       1422
_time                                bssBANK1     00BA
_view_log                            text1        04DC
_write_ds1307                        text31       1F02
btemp                                (abs)        007E
change_password@key                  cstackBANK0  002C
change_password@n_p_pos              bssBANK0     004D
change_password@p_chg                bssBANK0     0059
change_password@r_pwd                bssBANK1     00B1
change_password@reset_pwd            cstackBANK0  0029
change_time@blink                    bssBANK0     005B
change_time@blink_pos                bssBANK0     004F
change_time@dummy                    cstackBANK0  0033
change_time@i                        cstackBANK0  002E
change_time@key                      cstackBANK0  0032
change_time@new_time                 bssBANK0     0044
change_time@reset_time               cstackBANK0  0029
change_time@t_done                   bssBANK0     005A
change_time@wait                     bssBANK0     005C
clcd_print@addr                      cstackBANK0  0022
clcd_print@str                       cstackBANK0  0020
clcd_putch@addr                      cstackBANK0  0027
clcd_putch@data                      cstackBANK0  0028
clcd_write@byte                      cstackCOMMON 0076
clcd_write@mode                      cstackCOMMON 0073
clear_log@reset_memory               cstackCOMMON 0078
clear_ram0                           clrtext      1E10
display_dash_board@event             cstackBANK0  002E
display_dash_board@speed             cstackBANK0  002A
download_log@add                     cstackBANK0  002F
download_log@i                       cstackBANK0  0034
download_log@next                    cstackBANK0  0032
download_log@rlog                    cstackBANK0  0024
download_log@rpos                    cstackBANK0  0030
end_of_initialization                cinit        003E
ext_eeprom_24C02_byte_write@addr     cstackCOMMON 0075
ext_eeprom_24C02_byte_write@data     cstackCOMMON 0074
ext_eeprom_24C02_read@addr           cstackCOMMON 0077
ext_eeprom_24C02_read@data           cstackCOMMON 0078
ext_eeprom_24C02_str_write@addr      cstackCOMMON 0078
ext_eeprom_24C02_str_write@data      cstackCOMMON 0076
get_password@i                       cstackBANK0  0023
get_password@spassword               cstackBANK0  0022
i2c_read@ack                         cstackCOMMON 0074
i2c_read@data                        cstackCOMMON 0075
i2c_write@data                       cstackCOMMON 0073
init_ds1307@dummy                    cstackBANK0  0021
init_fetch0                          inittext     1E88
init_i2c@baud                        cstackBANK0  0028
init_ram0                            inittext     1E8C
init_uart@baud                       cstackBANK0  0028
interrupt_function                   intentry     0004
intlevel0                            functab      0000
intlevel1                            functab      0000
intlevel2                            functab      0000
intlevel3                            functab      0000
intlevel4                            functab      0000
intlevel5                            functab      0000
isr@count                            bssBANK1     00A0
log_car_event@event                  cstackBANK0  0024
log_car_event@speed                  cstackBANK0  0026
log_event@add                        cstackBANK0  0022
login@attempt_rem                    bssBANK0     005D
login@i                              bssBANK0     005E
login@key                            cstackBANK0  0031
login@npassword                      bssBANK1     00C1
login@reset_flag                     cstackBANK0  0029
login@spassword                      cstackBANK0  002C
login_menu@key                       cstackBANK0  002D
login_menu@menu_pos                  bssBANK0     0053
login_menu@reset_flag                cstackBANK0  0029
login_menu@select_pos                dataBANK0    0060
main@F1013                           dataBANK1    00DC
main@control_flag                    cstackBANK1  00E9
main@event                           cstackBANK1  00E2
main@gr                              cstackBANK1  00E5
main@i                               cstackBANK1  00DF
main@key                             cstackBANK1  00EB
main@menu_pos                        cstackBANK1  00E1
main@reset_flag                      cstackBANK1  00EA
main@speed                           cstackBANK1  00E8
main@wait_time                       cstackBANK1  00E6
putchars@data                        cstackCOMMON 0073
putsx@s                              cstackCOMMON 0074
read_adc@adc_reg_val                 cstackCOMMON 0075
read_digital_keypad@key              cstackCOMMON 0074
read_digital_keypad@longpressed      dataBANK0    0066
read_digital_keypad@once             bssCOMMON    007A
read_digital_keypad@pre_key          bssCOMMON    0079
read_ds1307@addr                     cstackCOMMON 0077
read_ds1307@data                     cstackCOMMON 0078
reset_vec                            reset_vec    0000
saved_w                              (abs)        007E
start                                init         000E
start_initialization                 cinit        0011
strcmp@r                             cstackBANK0  0020
strcmp@s1                            cstackBANK0  0021
strcmp@s2                            cstackCOMMON 0073
strcpy@cp                            cstackCOMMON 0076
strcpy@from                          cstackCOMMON 0073
strcpy@to                            cstackCOMMON 0077
strncmp@len                          cstackCOMMON 0074
strncmp@s1                           cstackCOMMON 0078
strncmp@s2                           cstackCOMMON 0073
strncpy@cp                           cstackCOMMON 0078
strncpy@from                         cstackCOMMON 0073
strncpy@size                         cstackCOMMON 0075
strncpy@to                           cstackCOMMON 0077
view_log@add                         cstackBANK0  0037
view_log@i                           cstackBANK0  003F
view_log@i_185                       cstackBANK0  0039
view_log@key                         cstackBANK0  0038
view_log@reset_shift                 cstackBANK0  0029
view_log@rlog                        cstackBANK0  002C
view_log@rpos                        cstackBANK0  003D
view_log@shift                       bssBANK0     0051
write_ds1307@addr                    cstackCOMMON 0075
write_ds1307@data                    cstackCOMMON 0074
wtemp0                               (abs)        007E


MODULE INFORMATION

Module		Function		Class		Link	Load	Size
digital_keypad.c
		_init_digital_keypad		CODE           	1E03	0000	6
		_read_digital_keypad		CODE           	0833	0000	139

digital_keypad.c estimated size: 145

C:\Program Files\Microchip\xc8\v2.36\pic\sources\c90\common\lwmod.c
		___lwmod       		CODE           	12E5	0000	58

C:\Program Files\Microchip\xc8\v2.36\pic\sources\c90\common\lwmod.c estimated size: 58

C:\Program Files\Microchip\xc8\v2.36\pic\sources\c90\common\awmod.c
		___awmod       		CODE           	14BF	0000	91

C:\Program Files\Microchip\xc8\v2.36\pic\sources\c90\common\awmod.c estimated size: 91

uart.c
		_putsx         		CODE           	1F87	0000	38
		_init_uart     		CODE           	12AD	0000	56
		_putchars      		CODE           	1E46	0000	11

uart.c estimated size: 105

i2c.c
		_i2c_start     		CODE           	1E20	0000	9
		_i2c_rep_start 		CODE           	1E32	0000	9
		_i2c_write     		CODE           	1E3B	0000	11
		_i2c_stop      		CODE           	1E29	0000	9
		_i2c_read      		CODE           	1F3F	0000	35
		_init_i2c      		CODE           	1243	0000	52
		_i2c_wait_for_idle		CODE           	1E5C	0000	13

i2c.c estimated size: 138

timer2.c
		_init_timer2   		CODE           	1E69	0000	13

timer2.c estimated size: 13

C:\Program Files\Microchip\xc8\v2.36\pic\sources\c90\common\Umul16.c
		___wmul        		CODE           	1F62	0000	37

C:\Program Files\Microchip\xc8\v2.36\pic\sources\c90\common\Umul16.c estimated size: 37

ds1307.c
		_read_ds1307   		CODE           	11E3	0000	45
		_write_ds1307  		CODE           	1F02	0000	30
		_init_ds1307   		CODE           	1EC9	0000	27

ds1307.c estimated size: 102

C:\Program Files\Microchip\xc8\v2.36\pic\sources\c90\common\strncmp.c
		_strncmp       		CODE           	1359	0000	62

C:\Program Files\Microchip\xc8\v2.36\pic\sources\c90\common\strncmp.c estimated size: 62

C:\Program Files\Microchip\xc8\v2.36\pic\sources\c90\common\lwdiv.c
		___lwdiv       		CODE           	13DC	0000	70

C:\Program Files\Microchip\xc8\v2.36\pic\sources\c90\common\lwdiv.c estimated size: 70

eeprom.c
		_ext_eeprom_24C02_str_write		CODE           	1F20	0000	31
		_ext_eeprom_24C02_byte_write		CODE           	1EE4	0000	30
		_ext_eeprom_24C02_read		CODE           	07D0	0000	45

eeprom.c estimated size: 106

C:\Program Files\Microchip\xc8\v2.36\pic\sources\c90\common\strncpy.c
		_strncpy       		CODE           	1422	0000	74

C:\Program Files\Microchip\xc8\v2.36\pic\sources\c90\common\strncpy.c estimated size: 74

C:\Program Files\Microchip\xc8\v2.36\pic\sources\c90\common\awdiv.c
		___awdiv       		CODE           	1641	0000	105

C:\Program Files\Microchip\xc8\v2.36\pic\sources\c90\common\awdiv.c estimated size: 105

adc.c
		_init_adc      		CODE           	1E09	0000	7
		_read_adc      		CODE           	1E76	0000	18

adc.c estimated size: 25

C:\Program Files\Microchip\xc8\v2.36\pic\sources\c90\common\__lldiv.c
		___lldiv       		CODE           	15D9	0000	104

C:\Program Files\Microchip\xc8\v2.36\pic\sources\c90\common\__lldiv.c estimated size: 104

C:\Program Files\Microchip\xc8\v2.36\pic\sources\c90\common\Umul8.c
		___bmul        		CODE           	11A2	0000	21

C:\Program Files\Microchip\xc8\v2.36\pic\sources\c90\common\Umul8.c estimated size: 21

isr.c
		_isr           		CODE           	146C	0000	83

isr.c estimated size: 83

shared
		__stringtab    		STRING         	1800	0000	18
		__initialization		CODE           	0011	0000	45

shared estimated size: 63

clcd.c
		_clcd_write    		CODE           	1277	0000	54
		_clcd_print    		CODE           	1210	0000	51
		_clcd_putch    		CODE           	1E9B	0000	21
		_init_display_controller		CODE           	16AA	0000	111
		_init_clcd     		CODE           	1E51	0000	11

clcd.c estimated size: 248

display.c
		_view_log      		CODE           	04DC	0000	438
		_log_car_event 		CODE           	1579	0000	96
		_display_time  		CODE           	1719	0000	114
		_get_password  		CODE           	1FD4	0000	44
		_change_password		CODE           	09BB	0000	379
		_get_time      		CODE           	178B	0000	117
		_display_dash_board		CODE           	151A	0000	95
		_download_log  		CODE           	0692	0000	318
		_log_event     		CODE           	1397	0000	69
		_login_menu    		CODE           	08BE	0000	253
		_clear_log     		CODE           	0800	0000	51
		_change_time   		CODE           	0CD8	0000	808
		_login         		CODE           	0B36	0000	418

display.c estimated size: 3200

C:\Program Files\Microchip\xc8\v2.36\pic\sources\c90\common\strcmp.c
		_strcmp        		CODE           	11B7	0000	44

C:\Program Files\Microchip\xc8\v2.36\pic\sources\c90\common\strcmp.c estimated size: 44

C:\Program Files\Microchip\xc8\v2.36\pic\sources\c90\common\strcpy.c
		_strcpy        		CODE           	1FAD	0000	39

C:\Program Files\Microchip\xc8\v2.36\pic\sources\c90\common\strcpy.c estimated size: 39

main.c
		_main          		CODE           	0042	0000	1178
		_init_config   		CODE           	131F	0000	58

main.c estimated size: 1236

